// Jest Snapshot v1, https://goo.gl/fbAQLP

exports[`<App /> mocks an event where the final key is NOT enter, should NOT change timer time prop 1`] = `
<Fragment>
  <h1
    style={
      Object {
        "textAlign": "center",
      }
    }
  >
    F1 Countdown
  </h1>
  <Timer
    time={0}
  />
</Fragment>
`;

exports[`<App /> mocks an event where the final key is enter, should change timer time prop 1`] = `
<Fragment>
  <h1
    style={
      Object {
        "textAlign": "center",
      }
    }
  >
    F1 Countdown
  </h1>
  <Timer
    time={0}
  />
</Fragment>
`;

exports[`<App /> should match snapshot 1`] = `
<Fragment>
  <h1
    style={
      Object {
        "textAlign": "center",
      }
    }
  >
    F1 Countdown
  </h1>
  <Timer
    time={0}
  />
</Fragment>
`;
