// Jest Snapshot v1, https://goo.gl/fbAQLP

exports[`<App /> should match snapshot 1`] = `
<Fragment>
  <div
    className="main"
  >
    <h1
      className="title"
    >
      F1 Countdown
    </h1>
    <div
      className="wrapper"
    >
      <Timer
        time={0}
      />
    </div>
  </div>
</Fragment>
`;

exports[`<App /> tests component did mount with mocked data 1`] = `
<Fragment>
  <div
    className="main"
  >
    <h1
      className="title"
    >
      F1 Countdown
    </h1>
    <div
      className="wrapper"
    >
      <Timer
        time={0}
      />
    </div>
  </div>
</Fragment>
`;

exports[`<App /> tests method handleTimeChange 1`] = `
<Fragment>
  <div
    className="main"
  >
    <h1
      className="title"
    >
      F1 Countdown
    </h1>
    <div
      className="wrapper"
    >
      <Timer
        time={0}
      />
    </div>
  </div>
</Fragment>
`;
