// Jest Snapshot v1, https://goo.gl/fbAQLP

exports[`<raceData /> first test 1`] = `
<div
  className="input-group w-50 m-auto"
>
  <div
    className="input-group-prepend"
  >
    <label
      className="input-group-text"
      htmlFor="inputGroupSelect01"
    >
      Races
    </label>
  </div>
  <select
    className="custom-select"
    onChange={[Function]}
  >
    <option
      className="dropdown-item"
      key="1"
      value="2019-03-17T05:10:00Z"
    >
      Australian Grand Prix
    </option>
    <option
      className="dropdown-item"
      key="2"
      value="2019-03-31T15:10:00Z"
    >
      Bahrain Grand Prix
    </option>
    <option
      className="dropdown-item"
      key="3"
      value="2019-04-14T06:10:00Z"
    >
      Chinese Grand Prix
    </option>
    <option
      className="dropdown-item"
      key="4"
      value="2019-04-28T12:10:00Z"
    >
      Azerbaijan Grand Prix
    </option>
    <option
      className="dropdown-item"
      key="5"
      value="2019-05-12T13:10:00Z"
    >
      Spanish Grand Prix
    </option>
    <option
      className="dropdown-item"
      key="6"
      value="2019-05-26T13:10:00Z"
    >
      Monaco Grand Prix
    </option>
    <option
      className="dropdown-item"
      key="7"
      value="2019-06-09T18:10:00Z"
    >
      Canadian Grand Prix
    </option>
    <option
      className="dropdown-item"
      key="8"
      value="2019-06-23T13:10:00Z"
    >
      French Grand Prix
    </option>
    <option
      className="dropdown-item"
      key="9"
      value="2019-06-30T13:10:00Z"
    >
      Austrian Grand Prix
    </option>
    <option
      className="dropdown-item"
      key="10"
      value="2019-07-14T13:10:00Z"
    >
      British Grand Prix
    </option>
    <option
      className="dropdown-item"
      key="11"
      value="2019-07-28T13:10:00Z"
    >
      German Grand Prix
    </option>
    <option
      className="dropdown-item"
      key="12"
      value="2019-08-04T13:10:00Z"
    >
      Hungarian Grand Prix
    </option>
    <option
      className="dropdown-item"
      key="13"
      value="2019-09-01T13:10:00Z"
    >
      Belgian Grand Prix
    </option>
    <option
      className="dropdown-item"
      key="14"
      value="2019-09-08T13:10:00Z"
    >
      Italian Grand Prix
    </option>
    <option
      className="dropdown-item"
      key="15"
      value="2019-09-22T12:10:00Z"
    >
      Singapore Grand Prix
    </option>
    <option
      className="dropdown-item"
      key="16"
      value="2019-09-29T11:10:00Z"
    >
      Russian Grand Prix
    </option>
    <option
      className="dropdown-item"
      key="17"
      value="2019-10-13T05:10:00Z"
    >
      Japanese Grand Prix
    </option>
    <option
      className="dropdown-item"
      key="18"
      value="2019-10-27T19:10:00Z"
    >
      Mexican Grand Prix
    </option>
    <option
      className="dropdown-item"
      key="19"
      value="2019-11-03T19:10:00Z"
    >
      United States Grand Prix
    </option>
    <option
      className="dropdown-item"
      key="20"
      value="2019-11-17T17:10:00Z"
    >
      Brazilian Grand Prix
    </option>
    <option
      className="dropdown-item"
      key="21"
      value="2019-12-01T13:10:00Z"
    >
      Abu Dhabi Grand Prix
    </option>
  </select>
</div>
`;
